---
source: crates/tui/tests/layout_snapshot.rs
expression: s
---
┌Collections───────────┐┌Request───────────────────────────────────────────────┐
│                      ││(no request open)                                     │
│                      ││                                                      │
│                      ││                                                      │
│                      ││                                                      │
│                      ││                                                      │
│                      ││                                                      │
│                      ││                                                      │
│                      ││                                                      │
│                      ││                                                      │
│                      ││                                                      │
│                      │└──────────────────────────────────────────────────────┘
│                      │┌Response──────────────────────────────────────────────┐
└──────────────────────┘│(no response yet)                                     │
┌Environment───────────┐│                                                      │
│(no env)              ││                                                      │
│                      ││                                                      │
│                      ││                                                      │
│                      ││                                                      │
│                      ││                                                      │
│                      ││                                                      │
│                      ││                                                      │
└──────────────────────┘└──────────────────────────────────────────────────────┘
:send  /search  e edit  s send  S save  ? help  q quit
