---
source: crates/tui/tests/layout_snapshot.rs
expression: s
---
┌Collections───────────┐┌ URL ─────────────────────────────────────────────────┐
│No collections yet    ││ GET     (press Tab here, then type your URL — e.g. {{│
│                      │└──────────────────────────────────────────────────────┘
│Get started:          │┌Request───────────────────────────────────────────────┐
│  lazyfetch           ││No request open                                       │
│import-postman <file> ││                                                      │
│  lazyfetch           ││Pick one from Collections (Tab),                      │
│import-postman <file> ││or run from your shell:                               │
│--local               ││                                                      │
│                      ││  lazyfetch run <coll>/<request>                      │
│Files live in         ││                                                      │
│  .lazyfetch/collectio││                                                      │
└──────────────────────┘└──────────────────────────────────────────────────────┘
┌Environment───────────┐┌Response──────────────────────────────────────────────┐
│No environments yet   ││No response yet                                       │
│                      ││                                                      │
│Press 'a' to add a    ││Open a request, then press                            │
│variable              ││  s         send                                      │
│(creates a 'default'  ││  /  f      search · jq filter                        │
│env)                  ││  S         save body / cURL                          │
│                      ││                                                      │
└──────────────────────┘└──────────────────────────────────────────────────────┘
                                                                                
:  Tab cycle  ?  help  q quit
